// Jest Snapshot v1, https://goo.gl/fbAQLP

exports[`renders correctly when called  1`] = `
<div>
  <div
    className="carousel slide"
    onMouseEnter={[Function]}
    onMouseLeave={[Function]}
    onTouchEnd={[Function]}
    onTouchStart={[Function]}
  >
    <ol
      className="carousel-indicators"
    >
      <li
        className="active"
        onClick={[Function]}
      />
      <li
        className=""
        onClick={[Function]}
      />
      <li
        className=""
        onClick={[Function]}
      />
    </ol>
    <div
      className="carousel-inner"
    >
      <div
        className="carousel-item active"
      >
        <img
          className="d-block w-100"
          src="data:image/jpeg;base64,/9j/4AAQSkZJRgABAQAAAQABAAD/2wCEAAkGBxMTEhUTEhMVFhUVFhUVFRUVFRUVFRYXFRUWFhUVFRUYHSggGBolHRUVITEhJSkrLi4uFx8zODMtNygtLisBCgoKDg0OGxAQGy0lHyUtLS0tLS0tLS0tLS0tLS0tLS0tLS0tLS0tLS0tLS0tLS0tLS0tLS0tLS0tLS0tLS0tLf/AABEIALcBEwMBIgACEQEDEQH/xAAcAAABBQEBAQAAAAAAAAAAAAAEAAIDBQYBBwj/xAA3EAABAwIEBAQEBAYDAQAAAAABAAIRAyEEBRIxQVFhcQYigZETobHwMsHR4QcUI0JS8RVicsL/xAAaAQADAQEBAQAAAAAAAAAAAAABAgMEAAUG/8QAJREAAgICAgIDAAIDAAAAAAAAAAECEQMhEjEEQRMiURRhI0Jx/9oADAMBAAIRAxEAPwCucB+i40cionN6rsdQsppZK5pjdMIKYXFMaSmsWiYEpj3pfEXHVFxxzUmOcukhROK44Y9QVTKfUKieUtBZl8wH9VxUAq3gCTwhF12aqhvuVZ5JlLfjMN/LJMxFgucklsC+zoc3A1TTLvgvLiL+UzHMDigW4abOBBG4III7gr0Jpkfuli8E2o3zMLhz4j/y7f0usiy0aZeJrT2eZYyjp2QjGrW51kjmAkeZnOII/wDQ/PZZWrTLT+4C14snJGanF1Ia9Na1MfPH77JNqKtHWSOMp7WwoE8vXUdY9xldFlA1ykc+V1HWGVqpNNrepPouZdhXPfpbEnadpNgEPhqTnuhtz9Atp4XyoawR/b5ieo2UMk1jWimLHyMtVLmOLXCC0kEdRuvQf4XjUSeqwviNmmu6dUkydQA34iLEb3Wy/hZWgOPVXxu9kp6Rs/HB/pO7Lw7GOOsr2HxnjWupuAK8exQl7u6EncmdFaJMDX0mV77/AA3xTH0WkEL542Wq8EeJn4WoAT5HH2Kx+Xjco8o9oZ9H0y5whA4lrSFn8D4ibUYDKKoZiHHdeJl8nlqiaM94owggwF5nmFEhxXsebMD2FYLHZYC7uq+NOcFYknTMQ5qS2RyAckl6anL8E5oE+CeYTdJU7jCY4rYagZwPJc1FTlMcuOGa1xzk5NcAiAjkKJykcEM7dAYTio6hsuvch8RV0hd6FYBUwB1AtO/yV1gKFRpBMGRBtG6hwVIuuOCsGYrSNKxzyu+PYkJ8Zq/0tqTDNrdTFuplWLK02BDhzOmD6nZAfE2+7p2GqXgBLDZ7GT9JcQAOMDhf9tll8zymjVmIY/p+A9wNu49lsa5BaZm/GR9OXustiqOp8C3WAAhJOLtCJRyKpIzZ8PVWzYR3Ba5HYTwjrBIeAf8AE8PVaP8AljFjflN/RSh5BECJkEc4B35cJC5+TkoReNAyuJ8H1BADmn1+Xt9VGfCdWLaXdnXjaYW3q0yZ4QZvzsPknYakTTBEag6R/wBheQO65eTkA/HgefO8MVgfwfMJ58M1oksIE3PLmvQa1UTcRztzJ3CNwDA7Vp4bg3Hp7Lv5c7B/HikYGhgW0xpaLnfmStYxrMNh/NuY17GNVpIJuJsrYYBrnB2kSPuVU+L8rfWpSIhtzbzdA23FLCfOX2GyfWFRPOM0ra3kzYE6RewnhK3f8LcNLD3KwxwFQmC0jobQvSv4b4X4bY6r0sU48uNnmTnYX4uykNY53ReXDCS4917B45qxScvMcsI+JfaVLyZ/HbQynrYA7K3crKN2AI2Xo+hpbFoWZx9IajCyeP5ny6ao7nuh2TY6o0AArcZNhqrocTCy+SYEWctxl+NYwCTCxeQ4LJ0I1sum4UlsFZnNqYpuB4KyxHiRjRG6xXiPPQ4wEqnKUlGPQrRoBih0SWCGaO5pL0VKRPgy21KNzk0vCYXLYbh5cmkqNzki5FAaHak1z1GSmlyIDr3KBxunlyhcUDjrio3aeKRcgMbVulyLQk+jWZRRY5sfNVGatLakHbgiPCmMgHUVB4pxALm6VljhqdkWWOXYzUCwj8In04EdjZTvq6YO4PJZzA1pN+VjxCuKFYOogF1xY9DPH0RiuMtnr4ciyYlRYU67qkAN8nEzH5oym1jdmkHmZ/8AkqjwFYtBAdflee6ssNiTG+/QnfmP3UcrdjxWgirBBBDYPEWHQ/6Ubz0/foetp+yuajckienEc+6mpUdUdDIv8lEfoVOqHh08p/NdwsVWaRYtu3oQZEe8J+Cw0PDhtMOG9uJH39Udhcv0VZbZsT89lyOdLoBe0uJBHmAjvvwPYKPLMQQ88A6W8uFirnHUv6kxEj53PyCrxhBrgjt06pZaY0Wmg/LnxTJO4cRPQ8fvmp21ZsR0jmuYKl+NvAx780azBxDuQARjfonOr2ea5i5oxDxpIEzfiVtfCDg5tk/Ncpo1t9+BFoTfDGFNJxYeBWrxop5kzzc+Fx+w3xuf6ZXmracFb/xxW8sLDUagIuq+ZLeiLWhjsyqARqMJlHEklWGFy9tS5XcbgG0wC1Y8eTGpKNbBGO7CKGZfDanMzrVzlVliLqfDYYI+RGHK6DJOyWtXeVDUw2q/FWjGtDbboOpVhRxy3oRqiu/leiSM/mR0SWvmLyZNqSKilIOWxG5jy5NLkxz00uTIVjnOUZcuFyjc5MA7qUbnLjnKNzlyOY6VV4t0vKPlDOoyZ5pZ7I5Ho5QrFn4Snh2oy4yo3UzskcKRCSLS7Jlhg6ckwjqWFcDY724Ce54oXK6YDwI3V3TAaJP6rPnlvR6Phu4klLCgNiZKIZRIbsYH04mQg6JnfnbgE7F4otAA3JjYLLtm6iWtiWi25sOaNwFN4Alwj/Eg+0hA4PCtb5nb+/12RRDjxk9pPohdHNJlhTdW3YKTu9RzTPL8Mf7SdnNWhJqYd0bywh49Yv8AJC0cM6QB+ndXRwgFM6n35Xj2KeCb9CyaR3FY2nVpNqMcIIBBHUR9EGK4gGe/0ss7oc2o4M/DJJAsOpU9LGS7p9UknbGUKWjU0cdppv0QXmNIPEkgESuvZUIBr1IH+DBAPrv9FRVKwIltj97K8y6vrPni8dl0H/qCUa2d8r2gRpg2PH3UFfFGnJ4ix/JWjsAGGZAG8mVW5phg4lzb6oBhPHlCSfslPjKNejHZ9i3VbnZY9zntJ3XoucZd5AqA5Y5puLLRPI06keblq9FNl+cubY7Ip+YGrbgqvG4cCo4DaUbl1K6X4oclKicW7D6eAe4eUEp7KVQC4IW28L0W/DJMT+iG8R6BpiOMqWef9Bm/ZlWuTW0S8mEsS65hcwOLDDBt3UGnVx7J3Zw5WUlaHNGdElP5c/4dRWkpjiuwmkWXuUbrOOKY4pFyicUwp0uTC5cJTSV1gE5yjc5ccVGSiA6XrtCoJuULiHwFCHlJMhk7LfEvChOMtsgWHmpXVQlWNSQjeywwFe8qyNYnj7/uqCg8giB8lcvYbH62WfLGj0PCa2goVw3bc9J9lHSDnvDnC35duKIweGP9oHUkEn2VmyjDdpPQR/pQqje5IkLgBJiBz/MJgxuohrL8+Aj0SpZUah85I/6tv81eYfJqbGiR6SSfcQB800cTfZOU4xHZVR4Wj1/Pf1lOzKoRsJuOH3ZT0NTTpaxoH/azo5+Y39lzG4NuqdMk8zA9h93VckPpSIwncrYAcI0ttud+nosZnlOrRcTocWjZzRM8o6rdUMMSZ+GLm/m4jYH9lYvo040vaL/2i6hBU7NHOjzfB4h7w0NLjMGIbqvtwXoWCy9zaTdQhwaDyQGQZRSp4guAs2NLeVp/Na3Fv1RGk9CLjsm4pqw5su0kOdhddJu+yrsLlLmTJ8qv8HOgT8tlI5gWv4lKmef8rVow+e09JuFlM4x4a0gWJXoudsvcSDt0WIzrJw6fqo5GudSBLBzjyiecYuvdWeUOmE/F5A4mALonCYFzPxNIVUkZYpqVM1eCxQbYbQqzNMO5xLpJ++CFw7yHb24rS5W5hc2disOeaxs6XZmaGXPDmhzTBV9X8J/EYbQYseS0WLwgdDREnZX2GwWmnd0kC68yUvIm1PGugqK9njhylzfKTcWSXoWJoMLiYm/JJal5OauheJ5sSmudZc1JhcvdNRxxUbiuuKYSuZxxxUbiuuKjJRQDjioyV15UZKIAbFuumMeu4mk6UJeUjVkJbYZ8RTUSEG1PSSjYKD6Lml4F3dAtpSwrdDeFttisJlmAdUqNABMlel4eiGta0cBC6UPqXwviyvp4ZzTAmOX3Cu8Fgw/ee95/YKWiwGJj2Vlh6Ab9SpRh+muWSx9KmGjyi3P8gE51cxbyjnx91M2OI7JlWnPH9uyYn2VmIe1p4yeAEn9vWFx9VjmghoPLzTP5H090/EgbEWPDn3Kry0apn76cuHsEspropGPsKY6/mAHvEgp1XHgmGC97xA4e6BZRkyTy6+yPo4MESRHADuof8LJr2CYSq+nULruDjccZtstpgaJeAXfS/uq3K8puC64/NaOmIEK+GGrkQz5E3okHROlRSm1Ki0pmVorM+bLCRci45rMtqfEaZHmHFaXMKoc0jh8wshQdoqEGbEggrD5T3aNvj9UyNoE2GybmLWlhgKfENgyOKYGg+qXDncdHZcKkY97jqiFaUMQWAXVnUwTSbgKCtloIOg3RzwjkVmKfju7QVg860va5xkLQ4rxRTDPJJJHLbuV59WwdRvldxRdCvpkTwEclngpY4NIh9los3ZjUN0lSPzQAxI90ll/y/glspy5MJXCUxzl9EzYdc5RlyRKjJXBOucmErhKjc5cA7K5S3THFSMEBcwNiq1QhiwFceZK6x4TRSMjbI3thca0k2BPonVjKt8jwgL22m44SknSZSHRrPC2ThjA9whzh7BWuJoxcKXDVkXoDhzRk01SLRi0BYPFDbirXD4kcSqyvgeIT8PV4OWXlTpmirLyniWuUhAOyqBVGwUza5HUBGzqH4rDargoB2Gjfl9UXXx4i1yhsS5sa6hgf48PXmpTgmUjJktBjd5ntdW2GcOW3ZZN2dRZjYH3wC5TzCo7j7WH36qfyKBT4pS7N/SxIiFM2p1Xn1PGO2kj1+4RgxlQC7jHqQivKXtCvxn+m5DhzQ2IxQAWSp454vqHzhO/5Z8eZvruCn/lxF/jMscwxFvqFRYkyZn7/AG29QnurlxvsZHA/fD2QtWxHss88nIvGFBWolu2yEJLXJ1B+44cUqjCTHLZSiUZOHBwvuoyCDCZsJm4U/wASQCrwkRkiKAZm6zHibCafM3Zy1FewlB4gNcxzTvCpdMjkxKcTz0lJOriHEdUlQ8ygpz0wuSMJpWuzZQtSiLl0wmuXHHC5McUimOhFAY6mJKnqbIZlSEyvibLmTYM83K60FRtKJY2fX7siQGsF1rfDuH4wfb95VXlmVOqOHs7eR17X+Y5LX4bL3gaAIA4m8++6jllSo1Ycdu2E0ndSPSx7IyjVg8j1m/WUM+k5jf8AKPuY4JtDGAwZ5/usLyNM3LHaL/C1g4Qd12thOIVNQqXkW222+7q2wOYh/ldZw+Y5qkcinpk5Y3HogIjdCYnGwj8dYSFlsfiJcR1Rt9HJJlvg3bvN1V5ljZJM7bT3RbpFMNBtsTyVe9tMEcXSI6nbZJJ1opBbsGoVTJhhJ4nqfkrOlTrC/lHQn5IN2PI2bG9z037bLn/KVOU9lnlb9GpJlxSe8Wez1BkImkRFjbjJke6rcDm02IR7qLY1Mtzj9EgGmux9ajIMD0G46gIcseRa8cdvsomi4kAjeZF7ejvyXXvvBFzPqlaOsGw7DNz1E8eiWLfsY4ynOaRxlDVDJH3MfmmR3sma3iPQqSjqlRUDYKejVh2x/JERkDmlrr7Fdrv0gD5I6vTDhJQThMp0KTU7jvuq/GYctJ5QUXTkDsp6w1N7hVTTEejyvGA63dykjsdQio7uktao8yUNkOoJjnBKVG4rRRWxFwTS8LhKaSikdYnPCawSUxzlNh+iIrFUZZB0qDnugBXeFy+pUMNBlbrw94RY0B9Vt+wXIVqzLZF4SfU/tcOhke02I6ytfhvAlIDzO33HXnP6ytXhy1ghot97pV6rSLKU8irQ0YGeGWGj+BotAniR34wfqUqOKJEOEO5K0NflcILM8NrAdTjULEbW5rHL7bj2a460yJ9QHsd1QYjD/DceV49QFY4dzi4t0kkbkTHZWLciqVRtHdSUJy9FVOMO2ZVuM0mJtz++qM+ISQ5v4hsY4clqqfgqkR5yTYC1rhXWGyKkwABosInsrx8VrZOflRfRlqT3PbcEc5Q9XJwXat/9rTZjg9Jtabqpr0LEt3F4JsQkyNp0dBJ7AXZZtN+xUWHwdNpnRJHWSPQo+lVJF/Lydv7xuF2vQJMxpeNiNnDos3J+i6X6DxTIhrR6i64MJRdI0gHpYqahTbUEOAB6ceoKc7Clu/mHPiELYaoosZkegyJg7ESfcKTB1i06T2M2V5QdPkd8+Kr80wkXGq3Llzjl6oNWUjO9MZWpEeZluY4d4T6VbWOo+vdOwVfWCCbx69woCwsfFiCeiU7+giq4RPHb1VY6w5z9UXiakC20wgKhOq6ZHRC8PV2J9U+ncm03UWGcHWbPorX+TLRMIqLYsmkDCsQNp+igr2uj34XjB9EPiwAIA9UUhb2DmsiKLrIauIAT2vsmXYGtFPj8vaajjG5/JdVyaE3XVrV0ZWo2eZFyYXIM1zyKMyrBVK9QMYN+a3UZxNBOwlTUcA9xjS6/Reg5HkNClZ7dbwJJ4LRZB8Orq8gGkwPRC0c7POMF4KrPg2hbHLPAtIAa1s69EMbIVbgcy1Oe0iC35jmg5pOgU2rQXl+SUaYGlgtx4qbMdLW2Q9XMAAoKdcG7ks3yVI6Kp2AvxPoeSHLXuu0G+6vcPSY8zpCsGUWt4BQWFe2WeX8RQ5TlbtP9RXFHK2C8IgEKemrRhFLSJSnJvYRg8pYRaB6KWvlxbcXCgpkgyCnZjmZaw3TOaStiqLb0CGs0GJup2uWafX1H5qWninDjCzryF7NDwMOzxh0SBdpkx9VnaNYSePMcusclY1MWTN+EQqYGKkgRBg9QeShlmpOy+KDSpktXBFkgXYduY5tnlyRGHaXN0m/+DuPYomoy1r2+S5hhFlCtlL0UtcFj525jqrml5m3+wgc4ZF/mi8ofLOyVKpUNJ3GwbG0IvxAt/tOpuD2i1+P3wRmMFuf6Kry+pBI4dUWqYE7RX4nCaKgLbarqasJueH6f7R2LpzeNpjvCrC6WxtISuNDcrAsU/wBuP7c0G+2xN1O6iTMXSoYR7uBHdFFLSD8iw95haF7ehQmVUNP4o+iMrVmbBw91tx46jsxZMlyGF4DTzHRUmPqTtZW50uETJKGxOQV3DytAHCXN/VRljkPGaKh8RfdcbVGyKqeHKzbuc33CgOVGbknsjHCznkiObihzSThlQ5FdWhRZBtHmAp9FtvBWHFNpeR5igBhmcGT6SjKb302/gLR2I+qu3+EkrLrL6h1uJ4kwi8uxraL3NJAkysrlmbHzAnY7KHOMfqcHDgouyySbPSsTmLX0yA7dZWpmnw4dxnSTzCz2XZvBgmxQud48Bwg8QUUmznFRN7SqyR1un4zE3a0cTdZjLs6Bc29iFbY2tDdY4XXSbFjE2GEqAABE4zEBtMuPALH5VnzX2m4V1jauunEpOQeBHlOMc98k24BaSnXExxXnzsb8FwdPRaPBZuxwDpEro5Dp49WagPVZnZBpm+xCHfmzQ3zEBUWY55Tc3TO7gfZNklcRccHyCqQg/foiH7jqqyljWk/siq2LmIErHGLNUpHMU/S8Hgbe6hdSu3lJXa1UubBae/JMpVnRDgOl1zxuwqaSLQO0tk8PoutI3HdCPxUiIULHGIB+SpwZPkifNXDQfv0UGSP8pPBcqiRBUVFgbZsxyBsh8TcrD8i40SZnjS0fce4QlOu03DhqgSJAPtKKNL07fquNpgcAi8VgWSkQYvEEghrdxubIQB2mCB6Kxc7oloneEXiTB8jQBTkfhA+qma2pvPsAjWsTwxUjBR6ElNsBOGJ3JKkbheiN+EuhvLdPSEsD+AU+nQPFGMpQpAxMkCwP4JT2UkWGJ4ppgAuj7lJG/BCSIAJngOo24qNHaUBnfhRwANSpqHskkuaoEZNmbreFqQMgu90yp4caf7ikklGsYPDDeZUdXwkw7kn1XEl1huzjPCen8DoR/wDwtUt0mpZJJB7CnQLT8MPaZbUhXGHwdUCDUSSStWFSZHislNSNTzZT4PKQz+4rqS6kdzYacM0/iE91IMM0cB7LiS6gWyUNCmpVQDcSEkkDixpZjTAtT94UVbG6tmNCSS6jgR7lGX8kklwRsSngQkkgccc9NayUklxx34a6KSSSYAZhcBr4wrnDeHmkXefZJJGKFkwgeHac3cVMPDlIf3FJJOkhHJgGYZY1gsSqz4a4kgNY9lNG4Wkw/ilJJFHBnwKPVJJJA4//2Q=="
        />
        <div
          className="carousel-caption d-none d-md-block"
        >
          <h3 />
          <p />
        </div>
      </div>
      <div
        className="carousel-item"
      >
        <img
          className="d-block w-100"
          src="data:image/jpeg;base64,/9j/4AAQSkZJRgABAQAAAQABAAD/2wCEAAkGBxETEhIRExIVFRUVFhUVFRUVFRUVFRUVFRUWFhUSFRUYHSggGBolGxUVITEhJSkrLi4uFx8zODMtNygtLisBCgoKDg0OFxAQGysdHx8rLS0tKy0tLS0tLS0tLS0tLS0tLS0tLS0tLS0tLS0rLS0tLS0tLS0tLS0tLS03LS0tK//AABEIAMABBwMBIgACEQEDEQH/xAAcAAACAwEBAQEAAAAAAAAAAAAEBQIDBgcBAAj/xAA3EAABBAEDAgQFAQcEAwEAAAABAAIDEQQFEiExQQZRYXETIjKBkUIUI1KhsdHwB2LB4RUz8XL/xAAZAQADAQEBAAAAAAAAAAAAAAABAgMABAX/xAAjEQACAgMAAwADAAMAAAAAAAAAAQIRAxIhMUFRBBNhIkJx/9oADAMBAAIRAxEAPwDnWFGHKWbpt8gILS8iiFqcchzVFtovFJoxsuEQh3QlbLLxAk+RiIqYrxiL4a9EaPdjKPwU+wNQVrEdi4ncq3FxLR0jQ0JoqwPhXjZAjIJW98L+JAfl7ea5blyFxVukZTmyAbqFpm2lwX/p+hsLOZIOCLRG1c90vKdw5pIcK57OHkVr9L1lsnyu4cOoKOPMpcfGCUaGTkvzhaYFDzstWYglbFRRL+ilIxVyuSsZE8Ucpq1/Cz7Z6TDHyLCyYWgqUqprV9am5GwHgCviYhWv5RcaBi0KTSohSCIC4OUlSDXUpZqPifGhB3PBI7DlZtI1DLJxQ4dFjvEGijkgJfqP+ozy4NhjFEgC+ptbcxF8TS4fMWgn3ISWpcCm0cmmhLTS9ZNS0WvadRJpZmRtLzsuPVnoY8loMZlq4ZSSueVWcmlPUfc0DctfLOftq9Tag3MvGS1y0emZfRLJNOJKuhhc1dc4nFF0aFz7Qc0ahDPxSt3Wo0XsEdjrz9jTCJlq2doATLrA6FthqByZNyty38oYFdK4jnfSv9nQkzaNpqzlQmwyVjGr8K5oljDQfmanZaX3zskF12v0WG8PYEnxQWkghbXJO7bzyOTxzYXLljTtDRZLE8Vvj+SQdOOfNH43jGN5opBrWKJ2GhtkA4PQP9PdZLFsO2uBBuq72mhmkBxR1d2rxHkOCr/8jGbp4/K5Rm6o4P2Bxq+Smk87Sy42kdgSfq46qv7X7BRs8nMaD9Q/KP0/MbX1D8rlglkLdziRfDb7lERlwaXFxFNvqevkm3AdjgeDyoZeW1v6h+Vx2DW5gziR/rR4AX0s0z2mQOcQDVknum/YgUdUi1WIcl4/KYQaxCf1hcJdlva6nE/lN49V8zxQSPK16GUTsZ1eL+IJfm+JmN4aL9Vy12qOHIca7KR1gkD0SPPL0bU0ur+I5pOA6r44WWzCSSOT/dTx5HSOAbZvgUFstA8L28Ok5I5/+qezb/oaI+AvC1ubPKOG8tB7nzXTC1VYsAY0ABXrsxx1ROTsz+tYdgrBajiU48LqeZHYWQ1jB6mlH8iNqy2CXaMPPAleSwrV5GNwkmbAuNHRJCCRxXyuyI18qELH2Kwd1OXGaUGI3tUjO4LtJWeS4ldFUAQr2zK8NHUqUoWUUj6A0LQmdkLzKyAEolkc88LRhRpSPJZLX0MJKKxMAlPcLTPRUEAMLAJTaPAFI6HHARkUCxgHBx/huDgEdLMXupraKJjx0LOHiQCMizwQoZ3SGigfLwXuobiTYJF8j2QUugkyF7nU4k0fxSe6jmfAbtABeW8knoex9eVmHTGV3JLidu4i7oHkgjqP7LlVsbgm1Pw8xpcfjW/dXPA7En168I6HEbFC74bg90dk9xbqrjy5Q8rWyyMgtzubB73t5Br1P80VBMYmz4zwA6N4f05lshrXeoF/b7KjboVAoyy8sbVOdR+avqqh19FCIumDgfpHyt6jc4jk/alLSsTfK4udQHfrQaASSfwiItTJc0MH7lpdTz0c80CevSz/AFWv4EXiB0cMrXNdbXU6huaKHD76VZpV5uuDa0bQT+q+l9e39E2ZkM+Te0kEloDeON20F3n58/xDy4IwYBK8MkZGWBu3azs/d3rp9J/KLlXkCRkoB8Xc57qroK8z0UdwbY6iv8C2mXoDGmgKDhQoceZ4+4SbM0wNB20aNEUR7CupNrLImbVi3FxXymo2udX4CaYmgnrLI1nm0fM/8BK4siccAlo7/p+yaaZji9x+o8nyRoxsdCwowAIm1/uPJK3ul4oY0eaR+GsUhoeTd9K6UtI0rpw40uk5SbLrXoVYKtaVcQg4JRqWNadOQuSywhJWgp0zDZ8ACzmotHK12uMq1jNRk6rzpQqR2qdxEOYvFXlyL5OokX5Ok/8AjAR0QmTogPQLRAL5dZIxMullqpGKStllQAhCxYo28eaDCY7K0s304UsTRyCtvk4zA1UtgFoIwrxtODeyLEKPEKsbAiGwGOBGQwImOBXsjRoDYNLTG7ik8cjRMX2NxBaL6N9UP4u1bb+7b1sJXFps72ue/gAbib5+65fyJ/6jwXsNzNUwmjY/JBkHfa4gXw4Chx90y8OYkbnCeKRsjSC17e4/3A/j+fss3keE4I8U5EkhLix8ooE8NbbGe58+yD8O6fKyCPNxHSO5eMhhADQQTXw6Nubtrk9/wklFa3YE+lvgzCd+3TPcKDHPFdxzx7cK7xtEBkRvjdX7ssO3sNpPX15/HstPpLopP323aX0XkDuLBB9jaR+IZWSWGihu2b63VRAcR6ABS3e1sfXhntE06Sd7ImEtbf7yT0d82z3ICL8S4wiMeNA0Aufw0c8fL18+QfytP4Ygia6RgJuyS3pYIsWPPqL7IXU4Y2ZRypXACMUPMuPJPv1+5W/Zcg68Fmt48bHlo4LQ3dxYPT5h5C2/0Q+nwfOZOAdrgdrXOLSaIc5tdqHPbhDaj4lxy/cIi83ZNlgPINkjy7V5Xx0F+i+JcYENkhdE02Nwt7QXc9ODz36+3nTWVCcHU2S/aBscS0NIdfyuoDgk9OR+CEMIg8El4aSTvcDzfkD7oyeaItcdzSDy0sa4A88XwL55SWJtiQfKHACuvJFfMPI+6jQ5PVtI+GGlvzt7nuqo8VzXMddA8UeV7l5MjmNYDddfUpbA2T4ocSTRHsqwt+RZHatFYWxMB60mLXJRomQXxNNVwE1YvRXgiy5qsBVYpRdKmFLXPVZKqDiVaxixjPa/BwVzTVDRIXXNYjtpXKvEcdOKhlh7KQl6MlmP5Xy+ymcr5KkazuRYo7VdSiVcANkN4QLWkFNHttRZByhRrBfhk9QptgTJsQXxiTKItgjIVc2JWhim1GjWRaxRyOGkjyVypy300n0QCcq1CUumJd13f8rY6VqDJA6J/Bc3b9+nRYzWInukL2u43dEcXsd7kexv3Xm5FbLrg3nx5BF+zStc9g3BsjBuGw8bXAc3z5Jpp+VDh4zWRgu2igKIFnu4n3WWxdZlhe1vItwvjcT24JPCYZeoGSNzXj5nGqaQeOLNdubF9/JK03RqQVpOV8Vk7Wlkbmu3cANFPG4EBvA8/wAr2Axb2xkn5RXSmk8efmszp2O5heWm7NE2LAHQewu0a4SCzRI8x69bH3WlG3wKTo12HgRGQSUGOjq3di3m7/ksb4mw/wBpyKbMGwue1lgjmnNFEeY3ON+32+z9UldECw/po0evFEmuen24VOisiDIjMQG04bbqyHc1dc24LY1Vtmk74M/FXhyPAx/iQNHxIy17JHhrpLEjCSflp1AcAggWfM3DStCjdifvyYy5m6Yt6kufvaC3o530igL7I3I10OaIxK10Y4DntD3NHRottl3Qi+enfsENUhbXxn7g1x2tNN+ah/COlDqeRzxysnKqYriDS6a6DGa8NfRrc36qdXNjuOnTukrtZG6g2unUUa78dv8ApavK8UtkpoZtaAWt6Bt+ddx6j+SzWdgh1uAv2WXluQflBbC2SnAE+dcV9lTNI1h6c+aU4uc6E1f2pNGa6X8fCa4+yNNeA+TpHg3LEkIIvjjlaIPpZfws4shF0Cea8k4ZKXL0YeEc7DXzr6NpK9hgRIFJgEoo1aQqg5eGYIgKsyOwVzTxbick0umPmCzPiGBpBNISVoyOPZbeV8mOt4wBNL5c9UOdda616Qh4nq8FdWotn1KTApNapBq1AskFMBRAUgUDHhao0rQvdiYxW0IbVWD4br8kcAs34r1HawtB5Sy4gowOfmBjnD18rQUeUNzSHCu97h1+y9bTnEdyvMbTZnv2xML/AD44Hueg9153Njo9DnBwG5EtiQEDoA8E306GjS2Ph3woGO3PduvgCj8o79OAUj8M4UGPI18zmBw7CQFpPk1rbcfcldKizGhlhzdvNBoWcW+CXRz7/UHSseJ7Z4m/M2w4NNUCPq/3D09PRZTR8CbNc3ZK+MMHJH0lxI6eZ9PULR/6h6lGN9fUevPO03Ysf5ysl4U1MNoB30819iKA73xz6BUUeB3dUbIeEnQNJMhfYO7fwNx9wL+3/Ky2oYzgQ0fUy+en6mlvB4aG07+q61i5rHwgSODdrbD2D5R2I29vP7hKtQ0ON9P+JE+qILgWvs3z8QG/soNSjKwqSao587HdRa5u3oS8kC4+5DRy70Nu5A5SCRzGOJaXC+27sT2J5IW/17w+Iml/EjHfUKs30FOBJHueUibpMBaS2Nwcfp3ndtHoO6dT/gKETsl7gGMB62T3rytarR8gFoBa0ED1N/lJ8vFEQIJo+aBky5aDQ6u4N9VOa34h48HkmoQBxa9g9baLv0VMjG210LqvzofyQ+PgNI+K9xLj5dvshfjlx2g9D5Uliu0hn/TcaPkODACbpaPT8tY/S4ztHPVavScU9V68VUUcbfTRRzcKwSBUNiUXMIQCFKiWIryGYjqr5JgiAWSNcleqh+08LThoKE1DEDmlYxyHV4jZXyea/gEHovlyytMojXhitaFTFJYUg5dlkwhpVjVXG1XBqBj0BfL1eWsYsYFOlTvXhmRsxLJeACudeIMjfKRfC1etZ21pWAyH7nk/krnzz5Q8F0WPcxrya+7v+GorM1LJ2thjsAgF9dTfIHoAPJCa1j1T747JppuU2SKgQHna02QK4o8+tBczfLRSu0AaTLcgjre79RJpjQPqc49SAtlp2vtcCyMHY3gOIAc4/wAVdh1odgsfqrvhMMUTfq/9jx3/ANvt6JXpmqmI8glGLA0aLXNEnyZNsfN9bPA9ykOf4aycd3Q8dHNW98L6ux26utdP8905bNv4IvyTbFY47jZiPDmryM+VxLHcUegdX8V8LXHWtrC5zWSbSCRQBDSQ0Orp14P25Kq1oY8UUjpWt4bxwL3E8Af53WG0vBme4Pc6gC7g8ja/6mEd2kcfco8ZOcNaNvH4mxZgWOLGvN0NrQCe3Wmk+5H/AOuyowtJnBLnsYB13APquxINFv3AVGLpuLGNxANVy7qD6/37oqbxZHGA1puu3II9j1H2SSqqQqsW+IsOJwoybHeQPB+6xf7O0OI3H39Vo9Z1OOY7mMBJF0fleD3ILeHj1q/MJRFGw04Bw9OHc/yU1xDroOwc1d+vQ/lHwYQtrRZLuvmiMZ7G1ujs9j0v3T/w7p7Xu+JtryCbFHaZpOkNdH008LW40AaFRhxBoRW5eiznLWlT6qlq9a9Yx6+FBZbqpMBKEBqf0k+SxiwzVHYQeBqocS0nvSjpmQHgstUf+IIl3BADI+IsUVa9RWsxHYPsvkkl0axLgZPZM4isdi5VOT/Fy01hofRlW2k5zQEbiZIcmsUJK+CsCrkKxip5XwaqHP5VrpaCATN+JrrhY17HmwO60WuZhL0LE8EdFx5pdKx4BwabuZtek2paY6EnYefT9P8A2tDJO4cN/Pf/AKQckFm3cKEW0O+iTGmkDS1wu1KPGYerU/j09lfVyl+a9sfHVUTTEpolp37mRr2+xHmD1H+eS1mLrkY5PUdlz92W7r0CbadO1zfVFoeORx4W63qLJnjeTQPA7fdDZOtbOIxba6FQkw9zr7KTtMDiQhsB9dsWZeuSOrtQrjy8ihw58hsD3KfZegsjibK7mzVIiCTHji6gO8vNI8nxGUfop07TjfzcVyE2EoBHAr/Ov90vn1RgaSOvZKn6w9w29PIpVGUn0ZtLwOczNbvDRz/Ra/wnlWK8lz7HHAceT3/utB4Z1DY+uxXVhqLIybZ09rirGvQWJPuARjV1CBMTlaWoaMq6yiAg5qpy220q+lGUcLGMfjSuinrsStxFICAVjNdipwcPNaXSJN0YWRmFZsO5q+V7CvlqMcohhslPMHH4Sdr6pNsTfXRc0plUj3UMY1YUNLynNNFGtl7OCXZpDTYWhk6GUDWQZFhSleszp2pdrTR2TY6rosnRMu5X2S75Sl2RkEIGbVaSNoNCHV5nBxVeI17waVeoZXxHcBE6dOAKK48v1FYinUPjMPVDtyXH6nFaiSJjupSDWMRsfzNUlO+BaIY2Qb62EVOzeOW9Ut0/IF9OU5je1zDbxfomlwCFGr45aGg1Q8kFBkOHDeLR2ZZ4LrA7oCCLceE0W6Mx1jzH4ft19VEatKCaA5A4V+lMby0hW5MTQ4GgPRI5BSF2oa0+Rmw8V2SnLnLq3CjX5TjJxg4ucOyGLGvY4dwspL4GhVHESioMdoPIUoJmMZRHzWq2vc48p7bBSGMUYRWKQHBDQmgvI3/MEYCM6dor7aE4Dlm9Bm+QJ9FIu6LJsNjcrdyEa9XCQdyiAva9fPQ4mb5j8r12WwfqCIBNrcfBTLQf/Wl+pStcCA4InS59raQ8BHDTS9Q8ctr5NYDnLAC4BbDAhAaFisN1yA+q2HxgGjnsvOyuqOuC/wAmSyywJLlR2vcmUlytawu4UG6Gk74hS3GN8KUmW5nBT4YrWttK8yJrjSeOeSFeLlksbLa4UUv1hrWi0UMMDohtXwXFhTLNuJrQmwGtcSUcGNtBaXHVgmk6OIA26WkjAUrqHCX5Eb5eK4UsiUgkfhFYpO0dyk1DZnH4Ba5UyyujJFcHqnzQd5BCA1SAOPqmjLtMzQCHtLeLsomBooBo90XHgxxRgnl7uym17GCj1Wb+GRfgS1dj2KFnmLnE2rnyt+HY4Q0jrraPdIMUNmdZri1S+Qg8I3IDeCAg56PITKgMhLRF0q43WeRS8bYBXwm3Cq5TUCww8Dgq3FbzaAifx1TTTY7HVG6BVmk0vP2iqRMuvOHABSvGLWkAp1HLCK6LP8mS8IeOFNXZ9Dl5DxwCESzCyD1cfyrY9UYwdqREOuxHuFN5sjHWOCAJcCQdX/zSXUsHJAJbJa0OpESC2uQ+BKR8r+Vlkmu2CUY+KMFJqOSw/MTwmOm+LZGkB3RabUMCF/YWk8vh5vYK8c5BwaH2n+KmOHVerEZejSs5aCvlX9yF1HeB68JswFw6rPSyOrhWYmW8d1CXSqdeRk8OY7nonONkNLeFm58x3dD4+eWnj8KcoWrQ0ZKMjR5eQfNBwNs3aofkhw9VZFG8NulLV0dEnFl+TkgBCxZxdY6qiSz1RGFCnitUR12YM/SXO+ce9JriRlzQ08KcO8GuynEy5o2fxHlUXUSkqYy03wZBJ8zrJT7E8M48X6PytBjQtYwADso5EZc0goyVCoyPiLwTHNUkTtjx5dD6FYPV/CmQwl5F7etf1XY2sDRRcsv4j1MRgxnku6FI3QyOTFjid1HjgKEWmSufZB5W4xcWI1deZXmXnxhxYyrpTc2OkjB5scjHBpHCKimPZvCa5WI953EWjMTTmiihvwNCGPOayw9nHZezQMNOYLtaDK0yNzTdWsvFujc4HpfCePRXw+djnpt6qt+E5nO3hNDktIBJQxzwSWk8dkVZhLK4A9FbAXdQpzsDn8C070bTi7qEZSSQ0Y2wGIPPPKLga5zgXEgBayLTWBtUFXLowI46qKyWW0S4KtTlbsACSRhx6WmufpcjTZ5Ct0+aO6IpUjPVCSx7srwHPBFkrVYuM0gElVRY0bhwq5Y3M5aUspbBWNw/oVlaeOoSWTUTG7aR0R2FqhJ2uSXW2/PY7poLtMnkqriNG6rG8UQF8s4/GcBa+VP1xfsntJegivkQL5thTVzKYAlWVFanfelJ+qCWZbJKtQy4aNtSpkLy4Bo5Ww0Tw9I4B0iemnwVO+NFXhjAdM8F7aAW4z4Y2x7aHRD47WsbTRyEn1nPIBJKpJpIaMOmW1GepCAUZp+oFvXostmSl8hIKvhzXAUUiVoDkk2bSbUG1YKn4WyPi5bWE9OR9ljWy+qDm1OSGRskZpzTwU0IUxZStH6YiII9l5YXCdP/ANUshjwXi2nqP+QtXB/qPC6iXCndu4TSTJod+OJ/gM+NuIaOOCuev1ozkOIJA4Cu8V6zJl/u9r/hgg7qNFJjM2Nu0KLiUQ1yZHkAMNWl5gLTue7n0QE+ouNbTXqqZ81wrcbS6s1mr0bMaDsPQ+auzshsb66ArO6fqbXjaRRHRT1bK3R+oS6dG2DMjOBJAPRIdTzbPAQEM0jrABJKd4Phx8gt/CpSj5Mk2Z+aZx4CL0/Ae8iwtTF4baG+qaYenbasISy84PixpvoFp2ksaORynunYzaNK0YvRX48ew12XM+vp0SVcROGK1ONnKvjh7hT20UVFoVyQJLCDwQk+RpLCTQpPnj5l62C7TIVO2IIcZ7OAeEzxhYoon4XW1UG0eFqK2LszTxyR1Wd1DcDz2W0k6JVqWIHNTwlTIZMdrgrjla5gteJTlxOYaXyusa+knlfw/9k="
        />
        <div
          className="carousel-caption d-none d-md-block"
        >
          <h3 />
          <p />
        </div>
      </div>
      <div
        className="carousel-item"
      >
        <img
          className="d-block w-100"
          src="data:image/jpeg;base64,/9j/4AAQSkZJRgABAQAAAQABAAD/2wCEAAkGBxMTEhUTExMWFRUVFhcaGBcXFxcVGBUYFxcXFxUXGhcYHSggGBolGxUVITEhJSkrLi4uFx8zODMtNygtLisBCgoKDg0OGhAQGi0lHR0tLS0tLS0tLS0tLS0tLS0tLS0tLS0tLS0tLS0tLS0tLS0tLS0tLS0tLS0tLS0rLS0tLf/AABEIALcBEwMBIgACEQEDEQH/xAAcAAABBQEBAQAAAAAAAAAAAAAFAAIDBAYBBwj/xAA7EAABAwIFAgQFAwIFAwUAAAABAAIRAyEEBRIxQVFhBiJxgRMykaHwscHRQuEUI1Jy8RUkYgczY4KS/8QAGQEAAwEBAQAAAAAAAAAAAAAAAQIDAAQF/8QAJBEAAgIBBAMAAgMAAAAAAAAAAAECESEDEjFBEyJhMlEEQnH/2gAMAwEAAhEDEQA/ALzaakAC4SuSu04xEJqlkKJ6wRzSnBMaFIxqAThC7CfpTS4IWGhrlG5TEKP4awBrWJppKzSClbSHXZBySGUWyr8JNdSV34jOvRNfimXt6JfIhvGyqxiXwrqf/EDpaFHTxzYMjlDyB8Z0YdPGGXXZxSbNpKB5j4kqSQyGj0W8hvGGn0w25geqruxtIGJJ9BN+nrKzD8c4+ZzjPE8dCefYJtHMSNxYdRfnZv8ASO6VzG2I2LBqaHAEA7A7+6YaKkwuKHwmWMFoN+91J/iGlbeDaRsoqYU05tQFTCE24G0rGmmmmrwaF0YeUdwNoMc1VMQUaxGGhCcRTTJitFXUlK44LgTCkocu6lGFxYBLK45cBTgsYrkJJzl1YBcAhMckSn06cmAiE5SaSYCvU8DtqU1ClpCsyN1yamv1E6tPR7Y0YVoGylpUWrrXSEymTKlubKOKQzHUAGniyy+IwgmdZ+v91sq1PUwjqF5/idTSWybEqsHaJyWRz8Q9uz9uf7bqGn4kfTdJgjqR+R7qKs+RYk9v3QXF0yDcxPQSP1ui2BI2A8Rhw2grjcwJE/l1hKFVzXNAMgkCIILT78Sj+GrOEXtf6fgSWxkH6dUOGrkwPpx9p91WdioJB4/4P7KizFSwgSOnrJj7qtWqz7xf89kAhanmAIPYfT8/dV6eIPsTbuhrK0S337/llFUxBACxi3j8WJ6AG/0QoYnVFRxhvAvteDbkx+cXHkOuel1HVw9MU/JMjYE9vtz9EUzA59Vzz5QQP9R0i/WeFaweDLnNZLvMQJkOFz2KBNrPD4A5joe//C1HhAU/jsIcNQMujboOFgGpxGK0eXpYe1lE2vNwVJjqMVHTwqTYBnhYwXwmIlW/joRTfJgK63oqIVl9tVXMNVuhQd3V/AOuiAI4lkhA8Vh4WkxDQGrOY8k+iW6A0D6rVCQpWuUjqYVYysm1RVTmp+lcITinHFND12F0U1rMRFySlNFcQ3I21k+5RLL6PKplqI4H5Uuq6iU0o3Ic50qSkohY7KaiQvPO4kom65VYZT46KUtlOhGKk791kvFGE0vJH9V/5Wqpj89FWx1KajSe6tpkpmArVTTbBAbPS5Wex+MJdaSOTcytX4nwrw47EcbLO4fLNbpeYAv3+h9kZGiixhGSAXBp2uebqya0bxPSNj/G/wBVXr1mtaGtkBth6e3HZVW19RvvtPH53SDF1khxvb8KZXeNvVMc6Gkxt+fwq1Z+oSOB+fosAe2oZ3hSVRI9bqlTeNyu0q/l7x/x+ixi3Hlj8tdR03EXsO/6kz3/AGXMDVk3P7J+IGoE8D6mLbfgHqgY7Xa2sC0MvuSNzxccN5j6p3hqiGVb7zJ4Fu53/RMwtN2x8o6cnpI3P5sr7cPpuD62+61gZrM4JMOAmQEFYL6jfstP4ep/HoEOuW2CE5rlxpECJJv6LGTI6T72srlMiVRpNVplQKqFZYMIhlDZchXxANkVyR8uRYAzmTgGrN1QXSTYLSZhRltzZZDNswA8rPcpAjXEDlTUnyhFN87q/hqoG5QtgotuprrWBdDwUtCnKckVjGLGFoXdK4WLoSeSQ+xC0pLqSG5hpCcIV/CO2CFF0q/g7wu7W/E5dD8i890GwTTUun1zEQm1ByuFnYWGlPoun3mFHRBhdpb9k6EY6p5SnVCNEn2TX3uo8VU/y1WHJORlM5wbnnzOgcDn8ss7isO7YOgD1WnxlSxlBHRP/KeQEAKtIg2P3hOZQd/U30I/siGLZf8AOyZotJ/O6QYo4l0N3kReOh4PohtOu5lxcDjr1Hui1eo2PMZPB/vyheFa0u09ftJiywAhiMMfgMeNnOd9Ij2227IVWJloEib+34F6NlGVtrYYk7A7cGwDh/8AoEn1Kyuc4L4YZNwGiCLbkx9gs0CwNg5Jjib8T0vwP5hGW6v7yBboOg7D7oRQxbaZkwBx37qb/GtJBa1x1EX2+YAjm/CFGCtBl7AEexROiffr6rMUMW8kgNNrXEfoVbwdd+rzTG3X6JaMereBWRTMxco1muUCpf8AChHg6jFNvWP9I/UrYN2WQp5/i8r0kwLDhD6lCOIXo9fCNdwgeYZTAJAVEwGRLgieSnzqhi6OklXcjZ5pTPgyJvFmbFjNINyvPjiiXXJRvxtXPxI7LJDEnkKdjIO0sWAYmVfp3vKzeHq8wURp1DFljM0dKtsrTaqyD8aRyimBx0pJrA0HQblOCr06spzTdQLE5CSiLlxazA/4pRTKat0FnqrWDqw8L1Zq4s4YOpI1BNhCY1vBm6jwzjB7pUqo1ESfVeczvJ8PWkR0Tm293Qo3Mg2tcfTcqRrjEnqfumiLImp7AJjhIjhMBOy64/qnWCZn83o6bLG5pVJdDeF6fi8CKrSBGqJCwuMyKqxztbfS37qnIpntVSIifz0U1Ci8sa4nQHVNLju4NgmQDaTHRX3GCREfuo8ViBpLHCQb8jvv1lBVYWZrMXOOINFjnlsE+eDP22/LKvgC4lwmHNO/WDsO0I+9lR16Zp6j5dbgWug8WBBN+o9Amvyg0Wt1nzEG2wOpwkm3dZtASdnong6j/wBo2JOqSZ7n9FQ8SZDrY1rTYcR2IHpz9VsfDeVBtCm2Ihonudyp8zy2Ww235utJ4BtyfPudZZFWpTe8DRAkdwHAmfW6uZRh9LWEmWC4JFnm8aeoBMk7eWN9t07w2XVXB7ZLnEtcG6onkztER7BdzrwXpYXB7nH/AMnAft07pIysMo0ZdlRp4/SfREMvwgqFoAg6h12Vc5U7UA24+sHtJW68MZNohztx0myzAavKsPpaBPCISq1KylBQQCULlVkhNa5PRMYvxJgYMhV8nGkErQeIKJIQIDS1M3gBi/HNQF8ysccTBgmyMeLqxL4HVZ04Qkj7pRkFsFjmzErT/BHw9SyeCwIZc3RTE45xbpBsOFjEWKqSV2jWcFRZWCkOKCwTW5Xi5G6IsqrG4DGkFaPD15EqOpEeLCRekqPxl1THsTyIVWjUIKc10pVWRdewzgRq8ufYeimJgkCIKG5LW1MCI5gdtO/H/C86apnoRdodUqkg6eeYUkyQTbY7fZVmglt/12UlE2MEk76T+gRiLIkEzMQRxwfRPc+BqJ23kfL/ACFFYAC4BEmdh7p9NxN4JLbFvJnqeicUnwFcAzYTedxHUdkRxuCZVbf6hAK5ggiJjT20j5naefZX8vzEzBMQL6rQOJtvtbutCWaM0AM38MG+mP3+gIuquW+FjMPJ7k2+gaf1lbmo5pvKH16sfLI9P5KoxSXC5NQbTDS1unuJ22+ZWaeTYd7tRY10Gb3ki4QP4ku8xn3P7IvgK7WDn6j9SghaNBg4FlHj6gg9UBzXNHUxrYRt8rjE9wQs27xMar9IdABu7p19Skmyyhas2BAAloE9Qg2ZVXj5nET0AXaWbNgNaRYRbf3J/ZV8Rii42iPSZ+9/aUEQYzC4dpMkE94H7I/hhAQnCO7D2/ixCKUqgQ5MXmFP1Kp8RdbWkrGLzSpWqFhUjSiYq5lTlqxGfYj4bSOVvsV8pXk3jauRUvYIsBmsRhw52pxVeo0DZcfiJ2THuJEC6UYjfVhVKlQ7zZEKeXPd/SUX8O+FnYl8GzQbohMW9zi4XUtVrhC91w//AKe4UMjSJjdDsV4IptO0hZ4MeR4Qunla7JH9eit5/lDKJADd1UwhDR6pJywFFx7xKSjLElAcVRkFKo5OrQQq9XcL2DjDuQ1YY4cko3i+O/RZ3J3w8BaGo6Wm0xcjsdguLWVSOzSdxIcGWkH4ZJJnfb7bqcVSCHEgkAD9yTHRU6NYgt1Q3ygaWiTO5sNhFlc1ukgNLQRxBnVyANuB9fVLEMiRhvG43iTPUAD7rjHiR1I22MnoTALj7QF2mdX9UkCIc2LHvfeL9vqlUZu0/LuDu0++7JPqAERSGoJkOE+UAzvE3c4G+gRu0mSFHWqFoBJhu2lxvfYmfmO0NMRPspsa8A3t8sbXJs34ZPlnaG79lUxpLQ47XA3LWnnS8w4A/wDyCLykbHRHiMa9hMkiDpN9UneAeDe4PtKb/wBZafKTJm97D3/qPCkx9PU0iZDYJHlI0xaW2/y7WcfNZA81wR0ugRpIIEhtjsbfII25GxRU6C0mG34xoO6mp4sPG8Lz7EPqUzY8jqBe9pu791cw+dguh/liw7npCqpJkmqNRj8C51g/dD8Lk4YZ1HdWaOMETKfTrSsxdzJ6TOAr1CkPz91HhWyiFOmFNijabh39eR/KsNff8uoS2DMKdrbLGG1cYGi6ky+pN53QPO6vlkJnh7MgRoJuE0UY3VFynCGYWtZXWPRoxO5sheXePcre5xIBMbDqvT2uVbFYBtQzyErMeXeHvAz6gDq1h/pC12F8H0mbMC01Ly2hWCbJBqMzXyVjWmGhc8OYMU2kjcko9joDCeyyuV5y0uc2dimQDX0XdSpMRpLSOyBf41OOZCDJsmCZfxdh3GkHHgn6LCUqp+i9O8R5lSNAyN7BecACbKEx0EWOsJSVdv5ukpjCAibppfaVOcNp7prqAsvXOIlyutFQSeVsabReZg9OSsXXoaYLStdhq2oU77i/0v8AYLm/kLhnToPlDS/S6o1ronmxJJib9bt3sLqwxohv/uE7fwJje5+va0NaSdUtDTAjl0TsO9x7/WyxwkEVIDjOnqNpnpNr9fSIopIkpVBLmyJJHlcLdTxtF/TpMpVrFxMNl2xu0hu7nyOh3teBqTabyQYIfFzOob3Fwd480Ry3/culpIIZItGh3zNJMkiD5oJ3BElvzJhRtIlzy0ANNSXlhLSKgAjyuaQ5rjaXQ4AW6KB86vMdgC6w1tsQ0uA0l9EEGBpvN+zqZcPiBgmmGBvw36hNpc4NIMiTHyO1OcL8B+MqGXEOeQ1jdJaCXMkfK6mA4uc7qaYAHBspSZRIg+HGkguktNTS4FpFoc9vxB5nAX0lwDfso6WDadBaWtkEw34fmmxfLd6g5G0zvsuOOmfKQRTBLGH5QbgUnNc11Nsm9uSNSsSXRcuqOpaiBra14DvlmHFpBE+Uy6PdJYaMzjcokhwAGqXOEk9gfi2AAkEtbccIDj8pcIIFneYEQwC3yzuTuZj916A7Caw10Q6CXjQQ4xYgCoRonkwNW8cqi7BtgOjS0svBALPMTJf0FgImNtkN9GowFOrUY4RJaTsQRt6ozgc3kw6xtZXMRlTTpIbJDN4uT0Ac75vv9kGxuTzsbwSHS3zfQqi1f2TlA21HHtHuiDMaDYLyrC4+pTcGPmNp7eq0+AzkOIa0hU5JNG2bibQmVHuI6BCcLixO6LmsHNIHIRoBj83x7i4tAMDlRYNrpDtvROxGFDahud1bw7PzdViqAw3lmcOFnX7rQYbMwVn8syxz7wR7IzRyF3VZmQTbigVboVlFhcnHLirLsugWMqbGOvcCoK2IAiTCge8jssB4yzuoXGjS4PzdFOToZB3x54hbRoOgjURAXkmR529ri903KuYrBVa16jtRHey6MqAAtb+N0vkG2BdviyOZE3Vl3iMbi4Ky1fJjIjlXMLlkCDumczKIRx2YmrAJt0/VMw1A/ndU/gRxt+FEcK0wOp/fZRlYyHweiSsjDzef19EkpgY6oDcEymmqXCdoXXUo2PNkq0huoiF65xjfilwE7LT5K4VKBEwB5T/t3P1Aj3WXb8u1jsi/h2qGNqajpaBqJP0+t1LWVxK6TqRp3xILaYkAXPAEjbYCBZPpv8hENJBDZiCXc6ibNmYvw7mYUGHEtAmDIc+b3IBj6WCVPDXGl0gSRPL93F0dRA4ABEbiOdF5EtRzC7TdjpG3yxO5HF435jciBLVu2DB1PgOaQCI3i5kgCBuZm7eIZcwtL4gy5ztyYFr7Dcn3tyUJxviAU2ENlpLibEkkf0hs7Dv+pRqxbSCONrth4eWmXsDQYfOkibFpkTy4uvNuFBjM8aC7WwQ4RFRxkgbE05dfvpWHZ4gqPquBtIN93emrc+lgqGNzmnTMEku7X9FCad0VjTVmtzzxq2iJ0yXWgNsY7uNgOwCzb/8A1EeST8IAmxM0wS3/AEz8ImNuUNqYqjiWlk6XC4JsZ7ILWyqs0xoJ7i4IRhGPfIs764PQsl8WCrfzte0CRqBEcAaQ2RPCtZhnrW/5j3N2LZewhxBGw0kyfUcLIeHcsfTLnPsSIAnb1jlT+KsMXUgWidJuLkxEe/CSlvpcD/1vs0uFz+lWGlr9I0kSHPc5vdpEuAPQ6Y7ohUptcLvsQ06tRgkC5B0xHUcC68aaYNrEfYrV4DPKmHoMeZJc8iZglsc8O/8AsPdPLSrgmpWaLMMsaQ6Y7Gw9BMDhZxuXvpHU07fp68rUZfnzMS3cB3cloJ6W2PqPQlLG4JxFwA4TfzHT0sR+qRScXQWkwFhM1qsEm9yfZFss8VQYdY2noZVJ+HkkDcCOovvB2LimjKgTLd5HWP8AbP6lWjqiPTD9TENq3G6IZLhdTh90BwGH0vkWgmei0+X4oMAIHJBXTF2iLVG2wbQAIsrzCsxhc3aQDPP9kVbjhG6DQUGmFO1obTxgU7cSDdLQxYrYdrxBCwfinwgWzVpukXJbF/WVuP8AEJOqSLpJRTQU6PGqYiRMW369U9zWgX21DaOdgtD4pyptM/EaAJJJ3gk9uAs3QGuZJsdNxAncuuLrla2sqnZI2IFoNwN/UlNqNEyLWmbQT0TWum43E2tcjYDb1Sc4NBYQSbWkmxPmPKwRmjnaLcwQf7qRk9pM2tEj+ylqt2aANx7CPL6CYXadOxkw0CIjd3MXWMNYYAvHsf2KSjGDqVPO10A7CGiItyJ4SWMData/ymyRfI2lPq2kSbffsqdN5EwIk2XrHCXKNchsFsKVlXUdJ2MD3kIfTL5J/VdwtVodJNg4H/hLLKoaOHZ6G2rpInpcf7bzA9VEMSC6S27QS7i8fKPqT7g8pmHp6qrjwNIudxue39P0Kr5ljmkaR8o+Y7BxBIDR77+nZciOmRUzLGFzQBxsDsf/ACP2A9AgNbBOddxuURLpuqOMzANmBJT56FaXYNr4IM1RvBue6xFeg/WQWumehv3WvqZy1x0uEEnc3EpznBokwAOf7rncnF5LKCksMBZTk7y5r3HSBB79kXzDO2UnaA0uPMGI/k9lYpYlrhLXAx0M/hWLxU63TvJ/VaPu/Y0vRYNnhM5Y+m543YCS3kd0DZ4krB0nSR0iPoVzwxRLnut5dJB6GeEZGT4dkuc0QP8AUSR9ys1CLaZrlJJoIYWjRqAVRTbLgDJaJumZj8Gp/lPc2TfTIB7R0UNLOKTzpY8TsBcfSUFy/I6vxg6obB2omZLoMj7pEv26oZ/EG8PRw+GnUWtkXky4j9UTy/MqbxDnfEYCPMCdTeIeOn8LCeI2uFd88xHpHCseFSfjQCQC0zH2TuHrbZO81Rt6+Ghx4aQ46pA0xB0COIiT7qxhqYLiD/pa+WxB6AclotdUMMfhggklptBjnoruFxbWtMatOmImbbkzvMqceRqDDcNvO7SLyOeSJvvZdqULE7Ce+xHUi6FYPPZgBkNgDebAQJBH5KvNq1SbwB/Gy7Ipog2mce0tkHm37hdfmjmggzJt15E/uqGNxVQE3iSgOPxzm+Z7iGjbuU7bSFVNm0ynxTqYSRPlJt1bMx9FpcuzdrhYzP8Az/K8TqZk5zQ+lJ0kyPY/yu+H/EVRlUBwcBsLG3r7yUsZp8jSjR9AUa4cE817QsRgs/A1SdiPvB/dEG52yJ1WPf8ALougBrOabX0Hg3sV5LjM0psOlznNmBuA4xySFsMz8T09Dmh0ki0D9T1Ximb1XOqunefVRlBNjRdI9A/6qC5pDQWzIJ49IVPHeKKbDEeYTtJIlDMmwr20b/NBjt0Wcbgaj6miDM3J47qcYrvoo2bgZ4HM+JMNI5/RDnZ+Kzvh63Cdjshed4R4axjAS0DjquZLlTg7W8Rp+UdSikqsVt3Qc/xzKfk+KbdXH1SWOxLHlziWmZPBSTbELuZ6JDJABNhtvtvKiq1XTbTF77wP5TKEsJtqkW7e6YXONm8tv2XccxG9rtJMwCei7V0EC9wnOJNpJI53H2Tn0RvzN+bdlgmuwOJ/7QvO5aQD1IaGi/XdAMfWdrDQdrn1J/j9USw9QfD0tAIGp0R/4mJ97qlWcJLjubn6BQqmy/5JDMRUIbZBcU6xV+pi3eyr/wCJaPmA9YR4Qrpsylag57tLLn8v2RTM8K59INvqEH1KJYjFU6TS8gc2Fp6LP1vEbibMEepsFzNuTtLg6IpRVPsbgKZw8vqiJsGzcolg8RRr/wBAlv8AqaDb91WwmKZiPI9txeOvodwm5lWGHZopiC7noP5SvL+jLC+Ggo6RYQB7LN+Jsa4v+HcAQfUoPSxbw6Q50+pWlxOVfGaxzjpfA1RcfRZRUHbA5b1SMtK3GUYr/IYajotcm0xsh+DyKm27jrvadvpyqGbYStUqQGkttpjYBGTU8AinDJpsThKVaNQDgOZ/cKxhcJTpN8jWj03Pqd1msJU/wbD8Qy55kNGwhco+JnFwDmDSSJgmVJwl1wNuj3yUs+fW+IfiTE+X/THEI14Po1DczogzOxU2d5qykANOpxEgWgeqnwWZmpS8o0kRMdDyFaDbSwTaSfIcwGWw6SQQNv7q9Wx2kwBKDYGs5uxRYYPWA7YnddNfsjf6O4nGNDASN+FlM404iwOkj7IvnflIHQLLYN5NR7uI+6nPEbQ0Muim/GNw/wDltGp3JNlcyzMG1ZEQ4Xjqs3iSS93UkrQ5ZgPhsLv6yPp2UpJJfSkZO/g/HZ18Mw3zHnoEQwOMNalMxO478rFupuLjYkk9FrMkwjqVO+5v6ITSivoYttkWNzNlDyNEu57LmTYsVnOLmCRyhGIwFapVd5TvudkUw+KZhWimbuJvHdZpVjkCbv4XM4xFVoa2mDJ56KahrZS1OGp8dFHmOaik0EiXO2Cp5b4g1u0vAE7fwlSdcBbyT5Xj3kOdWho4mysYvGywmlDjwAhfiWjUcWlolsbBUsowNXWDBa0bzaeybamrFvoLYc1S0Fwvykq1V2LLiQQBNh0CS1f4azaw3TqbZ8R0kX6WVPEVXBwENtB6TaTMbpJL0DjKdF4AkEX6Ai8nr3XI42Lud0klhgrk9UtNzMtLfqDB+q5TMtvdJJS1CumyhUe2dre6jdSpu6z0SSSz4NDkA+I6RIGnZu/EdEEwuHfUOlon3ASSUIv1LSXsaLJskNN2txuNgNu/qn5xlgqXmCOf2hJJQ3u7LKKqihleUMJkv1FrtgCBb13VXOcxe57mAkNaYgcx1SSVYZlklPEVRFlWJeKjQCYJuJtHK1Veu1jS47BJJDUXshoP1YAxGYU8Q4NeC07BwufcIvgcjpUzJl5F78eySSGp64QIe2WOzPI21nB4cQbT0RLLKdKhLLudFz26LiSbQbeGLqYyH8PhGWcB3VXGYwzAMAdEkl0xyRkVK3nYS68bLJ53jRTGimIJ56f3SSU5ZlQ6xGyDIKGqXuE3sT91bx+YubUbTpgSYklJJSeZMpxFF+vi6bInf0XMXjwymX7iLJJJFFYGb5BWSY6rUqEk+WNlWZl76uIIj+qZkbJJKjw3QnKVk/ippDmiLAR7qjlGD1vE2Av6pJKkF6k5PJq6uMa3gmE1+NJaSGj68pJLLSiI9SQKODe65rOk9LBdSST7ULuZ/9k="
        />
        <div
          className="carousel-caption d-none d-md-block"
        >
          <h3 />
          <p />
        </div>
      </div>
    </div>
    <a
      className="carousel-control-prev"
      onClick={[Function]}
      role="button"
      style={
        Object {
          "cursor": "pointer",
        }
      }
      tabIndex="0"
    >
      <span
        aria-hidden="true"
        className="carousel-control-prev-icon"
      />
      <span
        className="sr-only"
      >
        Previous
      </span>
    </a>
    <a
      className="carousel-control-next"
      onClick={[Function]}
      role="button"
      style={
        Object {
          "cursor": "pointer",
        }
      }
      tabIndex="0"
    >
      <span
        aria-hidden="true"
        className="carousel-control-next-icon"
      />
      <span
        className="sr-only"
      >
        Next
      </span>
    </a>
  </div>
</div>
`;
